diagonal ssaa_1 0.0747 ms
diagonal ssaa_4 0.101 ms
diagonal ssaa_16 0.2052 ms
diagonal analytic 2.0025 ms
thin ssaa_1 0.0649 ms
thin ssaa_4 0.0803 ms
thin ssaa_16 0.1552 ms
thin analytic 0.8128 ms
shared_edge ssaa_1 0.0814 ms
shared_edge ssaa_4 0.117 ms
shared_edge ssaa_16 0.2424 ms
shared_edge analytic 2.493 ms
overlap ssaa_1 0.0863 ms
overlap ssaa_4 0.1283 ms
overlap ssaa_16 0.271 ms
overlap analytic 2.7723 ms
gradient_clipped ssaa_1 0.1194 ms
gradient_clipped ssaa_4 0.181 ms
gradient_clipped ssaa_16 0.412 ms
gradient_clipped analytic 2.7129 ms
