basic_test1.png OK
basic_test2.png OK
basic_test3.png OK
basic_test4.png OK
basic_test5.png OK
basic_test6.png OK
basic_test7.png OK
basic_test8.png OK
hardcore_01_degenerate_square1.png OK
hardcore_02_degenerate_square2.png OK
illustration_01_sketchpad.png OK
illustration_02_hexes.png OK
illustration_03_circle.png OK
illustration_04_sun.png OK
illustration_05_lion.png OK
illustration_06_sphere.png OK
illustration_07_lines.png OK
illustration_08_monkeytree.png OK
illustration_09_kochcurve.png OK
subdiv_triangle1.png OK
subdiv_triangle2.png OK
subdiv_triangle3.png OK
subdiv_triangle4.png OK
subdiv_triangle5.png OK
subdiv_triangle6.png OK
subdiv_triangle7.png OK
texmap_test1.png OK
texmap_test2.png OK
texmap_test4.png OK
texmap_test5.png OK
texmap_test6.png OK
transforms_robot.png OK
TOTAL 32 passed
